2012-01-15,00deb,173250
2012-01-15,06211,172050
2012-01-15,07ca3,158400
2012-01-15,0173b,155750
2012-01-15,00fc8,148750
2012-01-15,06e10,145200
2012-01-15,00104,144000
2012-01-15,05d46,142800
2012-01-15,01d58,141000
2012-01-15,07b3b,137750
