2012-01-15,00,0
2012-01-15,01,0
2012-01-15,02,0
2012-01-15,03,0
2012-01-15,04,0
2012-01-15,05,0
2012-01-15,06,0
2012-01-15,07,0
2012-01-15,08,0
2012-01-15,09,28920800
2012-01-15,10,27943300
2012-01-15,11,27276750
2012-01-15,12,27272000
2012-01-15,13,27831250
2012-01-15,14,27051050
2012-01-15,15,27505250
2012-01-15,16,28175650
2012-01-15,17,27281600
2012-01-15,18,27935300
2012-01-15,19,26917650
2012-01-15,20,27778450
2012-01-15,21,28082950
2012-01-15,22,27430600
2012-01-15,23,0
